INFO: plugin.py:65: Logging configured successfully in plugin.py.
INFO: plugin.py:65: Logging configured successfully in plugin.py.
INFO: plugin.py:65: Logging configured successfully in plugin.py.
INFO: plugin.py:123: Starting _run_steps...
INFO: plugin.py:127: Loaded board: moonboard.kicad_pcb
INFO: plugin.py:134: Freerouting jar configured at: jar/freerouting-2.4.1.jar
INFO: plugin.py:163: Progress dialog displayed.
INFO: plugin.py:179: Background thread checking Java and JSON/API availability...
INFO: java_utils.py:118: Found Java in system PATH (/usr/bin/java).
INFO: plugin.py:188: Java version check: ok=True, path=/usr/bin/java
INFO: plugin.py:240: === Routing mode: DSN (default) ===
INFO: plugin.py:473: Executing DSN stages...
INFO: router_dsn.py:101: Exporting board to DSN via pcbnew.ExportSpecctraDSN...
INFO: router_dsn.py:103: Trying standard pcbnew.ExportSpecctraDSN(filename)...
INFO: router_dsn.py:117: DSN export succeeded.
INFO: router_dsn.py:125: Sanitizing exported DSN file...
INFO: router_dsn.py:135: Sanitization complete.
INFO: router_dsn.py:92: Saved debug input DSN to: /Users/stan/Library/Logs/freerouting/kicad/freerouting_input_board.dsn
INFO: router_dsn.py:156: Built DSN routing command: /usr/bin/java -jar /Users/stan/Documents/KiCad/10.0/3rdparty/plugins/app_freerouting_kicad-plugin/jar/freerouting-2.4.1.jar -de /Users/stan/Documents/GitHub/Moonboard/KiCAD/freerouting.dsn -do /Users/stan/Documents/GitHub/Moonboard/KiCAD/freerouting.ses -host KiCad --gui.enabled=false --api_server.enabled=false --mcp_server.enabled=false --logging.file.location=/Users/stan/Library/Logs/freerouting/kicad
INFO: plugin.py:494: ProcessThread completed. Terminating dialog...
WARNING: plugin.py:504: Routing cancelled by user.
INFO: plugin.py:291: Destroying ProcessDialog before applying results.
INFO: plugin.py:317: Routing finished: success=False, cancelled=True
INFO: plugin.py:123: Starting _run_steps...
INFO: plugin.py:127: Loaded board: moonboard.kicad_pcb
INFO: plugin.py:134: Freerouting jar configured at: jar/freerouting-2.4.1.jar
INFO: plugin.py:163: Progress dialog displayed.
INFO: plugin.py:179: Background thread checking Java and JSON/API availability...
INFO: java_utils.py:118: Found Java in system PATH (/usr/bin/java).
INFO: plugin.py:188: Java version check: ok=True, path=/usr/bin/java
INFO: plugin.py:240: === Routing mode: DSN (default) ===
INFO: plugin.py:473: Executing DSN stages...
INFO: router_dsn.py:101: Exporting board to DSN via pcbnew.ExportSpecctraDSN...
INFO: router_dsn.py:103: Trying standard pcbnew.ExportSpecctraDSN(filename)...
INFO: router_dsn.py:117: DSN export succeeded.
INFO: router_dsn.py:125: Sanitizing exported DSN file...
INFO: router_dsn.py:135: Sanitization complete.
INFO: router_dsn.py:92: Saved debug input DSN to: /Users/stan/Library/Logs/freerouting/kicad/freerouting_input_board.dsn
INFO: router_dsn.py:156: Built DSN routing command: /usr/bin/java -jar /Users/stan/Documents/KiCad/10.0/3rdparty/plugins/app_freerouting_kicad-plugin/jar/freerouting-2.4.1.jar -de /Users/stan/Documents/GitHub/Moonboard/KiCAD/freerouting.dsn -do /Users/stan/Documents/GitHub/Moonboard/KiCAD/freerouting.ses -host KiCad --gui.enabled=false --api_server.enabled=false --mcp_server.enabled=false --logging.file.location=/Users/stan/Library/Logs/freerouting/kicad
INFO: plugin.py:494: ProcessThread completed. Terminating dialog...
INFO: plugin.py:291: Destroying ProcessDialog before applying results.
INFO: plugin.py:313: Importing Specctra SES file into KiCad (DSN mode)...
INFO: router_dsn.py:211: Saved debug output SES (as DSN filename) to: /Users/stan/Library/Logs/freerouting/kicad/freerouting_output_board.dsn
INFO: router_dsn.py:215: Importing Specctra SES into KiCad...
INFO: router_dsn.py:217: Trying standard pcbnew.ImportSpecctraSES(filename)...
INFO: router_dsn.py:231: SES import succeeded.
INFO: router_dsn.py:236: KiCad UI refreshed after DSN import.
INFO: plugin.py:65: Logging configured successfully in plugin.py.
